../Core/Src/freertos.c:149:13:configureTimerForRunTimeStats	4	static
../Core/Src/freertos.c:155:22:getRunTimeCounterValue	8	static
../Core/Src/freertos.c:164:6:vApplicationIdleHook	4	static
../Core/Src/freertos.c:182:6:vApplicationTickHook	4	static
../Core/Src/freertos.c:197:6:vApplicationStackOverflowHook	16	static
../Core/Src/freertos.c:206:6:vApplicationMallocFailedHook	4	static
../Core/Src/freertos.c:222:6:vApplicationDaemonTaskStartupHook	4	static
../Core/Src/freertos.c:232:6:MX_FREERTOS_Init	8	static
../Core/Src/freertos.c:285:5:__io_putchar	16	static
../Core/Src/freertos.c:297:6:StartmyTask01	16	static
../Core/Src/freertos.c:318:6:StartTask03	16	static
../Core/Src/freertos.c:339:6:StartTask02	16	static
../Core/Src/freertos.c:358:6:StartTask04	16	static
../Core/Src/freertos.c:377:6:StartTask05	16	static
../Core/Src/freertos.c:395:6:StartTask06	16	static
