../Core/Src/freertos.c:126:13:configureTimerForRunTimeStats	4	static
../Core/Src/freertos.c:132:22:getRunTimeCounterValue	8	static
../Core/Src/freertos.c:141:6:vApplicationIdleHook	4	static
../Core/Src/freertos.c:159:6:vApplicationTickHook	4	static
../Core/Src/freertos.c:174:6:vApplicationStackOverflowHook	16	static
../Core/Src/freertos.c:183:6:vApplicationMallocFailedHook	4	static
../Core/Src/freertos.c:199:6:vApplicationDaemonTaskStartupHook	4	static
../Core/Src/freertos.c:209:6:MX_FREERTOS_Init	8	static
../Core/Src/freertos.c:260:6:StartmyTask01	16	static
../Core/Src/freertos.c:282:6:StartTask03	16	static
../Core/Src/freertos.c:303:6:StartTask02	16	static
../Core/Src/freertos.c:325:6:StartTask04	16	static
